// Jest Snapshot v1, https://goo.gl/fbAQLP

exports[`Header renders 1`] = `
<div
  className="headerContainer"
>
  <div
    className="left"
  >
    <img
      alt="Instagram icon"
      className="iconContainer"
      src="ig-logo.png"
    />
    <span
      className="text"
    >
      Instagram-Clone
    </span>
  </div>
  <div
    className="right"
  >
    Sign In
  </div>
</div>
`;
